 1 | TK_KW_ALIGNOF
 2 | TK_KW_AUTO
 3 | TK_KW_BREAK
 4 | TK_KW_CASE
 5 | TK_KW_CHAR
 6 | TK_KW_CONST
 7 | TK_KW_CONTINUE
 8 | TK_KW_DEFAULT
 9 | TK_KW_DO
10 | TK_KW_DOUBLE
11 | TK_KW_ELSE
12 | TK_KW_ENUM
13 | TK_KW_EXTERN
14 | TK_KW_FLOAT
15 | TK_KW_FOR
16 | TK_KW_GOTO
17 | TK_KW_IF
18 | TK_KW_INLINE
19 | TK_KW_INT
20 | TK_KW_LONG
21 | TK_KW_REGISTER
22 | TK_KW_RESTRICT
23 | TK_KW_RETURN
24 | TK_KW_SHORT
25 | TK_KW_SIGNED
26 | TK_KW_SIZEOF
27 | TK_KW_STATIC
28 | TK_KW_STRUCT
29 | TK_KW_SWITCH
30 | TK_KW_TYPEDEF
31 | TK_KW_UNION
32 | TK_KW_UNSIGNED
33 | TK_KW_VOID
34 | TK_KW_VOLATILE
35 | TK_KW_WHILE
36 | TK_KW__ALIGNAS
37 | TK_KW__ATOMIC
38 | TK_KW__BOOL
39 | TK_KW__COMPLEX
40 | TK_KW__GENERIC
41 | TK_KW__IMAGINARY
42 | TK_KW__NORETURN
43 | TK_KW__STATIC_ASSERT
44 | TK_KW__THREAD_LOCAL
